using user specified pdk_root, will search for required files in the specified directory
Design name from CDL file: STARTUP_BIAS matches the design name: STARTUP_BIAS

Magic 8.3 revision 623 - Compiled on Fri Jun  5 09:11:46 UTC 2026.
Starting magic under Tcl interpreter
Using the terminal as the console.
WARNING: RLIMIT_NOFILE is above 1024 and Tcl_Version<9 this may cause runtime issues [rlim_cur=1048576]
Using NULL graphics device.
Processing system .magicrc file
Switching to WIRING tool.
Switching to NETLIST tool.
Switching to PICK tool.
Switching to BOX tool.
Sourcing design .magicrc for technology gf180mcuD ...
10 Magic internal units = 1 Lambda
Input style import: scaleFactor=10, multiplier=2
The following types are not handled by extraction and will be treated as non-electrical types:
    obsactive mvobsactive filldiff fillpoly m1hole obsm1 fillm1 obsv1 m2hole obsm2 fillm2 obsv2 m3hole obsm3 fillm3 m4hole obsm4 fillm4 m5hole obsm5 fillm5 glass fillblock lvstext obscomment 
Scaled tech values by 10 / 1 to match internal grid scaling
Loading gf180mcuD Device Generator Menu ...
Using technology "gf180mcuD", version 1.0.493-0-g0fe599b
Warning: Calma reading is not undoable!  I hope that's OK.
Library written using GDS-II Release 6.0
Library name: library
Reading "STARTUP_BIAS".
Extracting STARTUP_BIAS into STARTUP_BIAS.ext:
STARTUP_BIAS: 4 warnings
exttospice finished.

Running netgen command: bash /home/irman/.nix-profile/bin/netgen -batch lvs "/tmp/tmpke82fcvp/STARTUP_BIAS_lvsmag.spice STARTUP_BIAS" "/tmp/tmpke82fcvp/STARTUP_BIAS.spice STARTUP_BIAS" /home/irman/pdks/volare/gf180mcu/versions/0fe599b2afb6708d281543108caf8310912f54af/gf180mcuD/libs.tech/netgen/gf180mcuD_setup.tcl /tmp/tmpke82fcvp/STARTUP_BIAS_lvs.rpt
Netgen 1.5.316 compiled on Fri Jun  5 08:48:44 UTC 2026
Warning: netgen command 'format' use fully-qualified name '::netgen::format'
Warning: netgen command 'global' use fully-qualified name '::netgen::global'
Reading netlist file /tmp/tmpke82fcvp/STARTUP_BIAS_lvsmag.spice for /tmp/tmpke82fcvp/STARTUP_BIAS_lvsmag.spice STARTUP_BIAS
Call to undefined subcircuit pfet_03v3
Creating placeholder cell definition.
Call to undefined subcircuit nfet_03v3
Creating placeholder cell definition.
Reading netlist file /tmp/tmpke82fcvp/STARTUP_BIAS.spice for /tmp/tmpke82fcvp/STARTUP_BIAS.spice STARTUP_BIAS
Call to undefined subcircuit pmos_3p3
Creating placeholder cell definition.
Call to undefined subcircuit nmos_3p3
Creating placeholder cell definition.
Call to undefined subcircuit pfet_03v3
Creating placeholder cell definition.
Call to undefined subcircuit nfet_03v3
Creating placeholder cell definition.

Reading setup file /home/irman/pdks/volare/gf180mcu/versions/0fe599b2afb6708d281543108caf8310912f54af/gf180mcuD/libs.tech/netgen/gf180mcuD_setup.tcl

No property area found for device c
Model nfet_03v3 pin 1 == 3
No property par1 found for device nfet_03v3
No property NRD found for device nfet_03v3
No property NRS found for device nfet_03v3
No property par found for device nfet_03v3
No property sa found for device nfet_03v3
No property sb found for device nfet_03v3
No property sd found for device nfet_03v3
No property par found for device nfet_03v3
No property dtemp found for device nfet_03v3
No property nf found for device nfet_03v3
Model nfet_03v3 pin 1 == 3
No property par1 found for device nfet_03v3
No property NRD found for device nfet_03v3
No property NRS found for device nfet_03v3
No property par found for device nfet_03v3
No property sa found for device nfet_03v3
No property sb found for device nfet_03v3
No property sd found for device nfet_03v3
No property par found for device nfet_03v3
No property dtemp found for device nfet_03v3
No property nf found for device nfet_03v3
No property as found for device nfet_03v3
No property ad found for device nfet_03v3
No property ps found for device nfet_03v3
No property pd found for device nfet_03v3
Model pfet_03v3 pin 1 == 3
No property par1 found for device pfet_03v3
No property NRD found for device pfet_03v3
No property NRS found for device pfet_03v3
No property par found for device pfet_03v3
No property sa found for device pfet_03v3
No property sb found for device pfet_03v3
No property sd found for device pfet_03v3
No property par found for device pfet_03v3
No property dtemp found for device pfet_03v3
No property nf found for device pfet_03v3
Model pfet_03v3 pin 1 == 3
No property par1 found for device pfet_03v3
No property NRD found for device pfet_03v3
No property NRS found for device pfet_03v3
No property par found for device pfet_03v3
No property sa found for device pfet_03v3
No property sb found for device pfet_03v3
No property sd found for device pfet_03v3
No property par found for device pfet_03v3
No property dtemp found for device pfet_03v3
No property nf found for device pfet_03v3
No property as found for device pfet_03v3
No property ad found for device pfet_03v3
No property ps found for device pfet_03v3
No property pd found for device pfet_03v3
Comparison output logged to file /tmp/tmpke82fcvp/STARTUP_BIAS_lvs.rpt
Logging to file "/tmp/tmpke82fcvp/STARTUP_BIAS_lvs.rpt" enabled
Circuit pfet_03v3 contains no devices.
Circuit nfet_03v3 contains no devices.

Contents of circuit 1:  Circuit: 'STARTUP_BIAS'
Circuit STARTUP_BIAS contains 12 device instances.
  Class: nfet_03v3             instances:   6
  Class: pfet_03v3             instances:   6
Circuit contains 4 nets.
Contents of circuit 2:  Circuit: 'STARTUP_BIAS'
Circuit STARTUP_BIAS contains 6 device instances.
  Class: nfet_03v3             instances:   3
  Class: pfet_03v3             instances:   3
Circuit contains 4 nets.

Circuit was modified by parallel/series device merging.
New circuit summary:

Contents of circuit 1:  Circuit: 'STARTUP_BIAS'
Circuit STARTUP_BIAS contains 6 device instances.
  Class: nfet_03v3             instances:   3
  Class: pfet_03v3             instances:   3
Circuit contains 4 nets.
Contents of circuit 2:  Circuit: 'STARTUP_BIAS'
Circuit STARTUP_BIAS contains 6 device instances.
  Class: nfet_03v3             instances:   3
  Class: pfet_03v3             instances:   3
Circuit contains 4 nets.

Circuit 1 contains 6 devices, Circuit 2 contains 6 devices.
Circuit 1 contains 4 nets,    Circuit 2 contains 4 nets.


Final result: 
Circuits match uniquely.
.
Logging to file "/tmp/tmpke82fcvp/STARTUP_BIAS_lvs.rpt" disabled
LVS Done.


Circuit 1 cell pfet_03v3 and Circuit 2 cell pfet_03v3 are black boxes.
Warning: Equate pins:  cell pfet_03v3 is a placeholder, treated as a black box.
Warning: Equate pins:  cell pfet_03v3 is a placeholder, treated as a black box.

Subcircuit pins:
Circuit 1: pfet_03v3                       |Circuit 2: pfet_03v3                       
-------------------------------------------|-------------------------------------------
1                                          |1                                          
2                                          |2                                          
3                                          |3                                          
4                                          |4                                          
---------------------------------------------------------------------------------------
Cell pin lists are equivalent.
Device classes pfet_03v3 and pfet_03v3 are equivalent.

Circuit 1 cell nfet_03v3 and Circuit 2 cell nfet_03v3 are black boxes.
Warning: Equate pins:  cell nfet_03v3 is a placeholder, treated as a black box.
Warning: Equate pins:  cell nfet_03v3 is a placeholder, treated as a black box.

Subcircuit pins:
Circuit 1: nfet_03v3                       |Circuit 2: nfet_03v3                       
-------------------------------------------|-------------------------------------------
1                                          |1                                          
2                                          |2                                          
3                                          |3                                          
4                                          |4                                          
---------------------------------------------------------------------------------------
Cell pin lists are equivalent.
Device classes nfet_03v3 and nfet_03v3 are equivalent.
Flattening unmatched subcell two_trans_interdigitized in circuit STARTUP_BIAS (1)(1 instance)
Flattening unmatched subcell two_trans_interdigitized_1 in circuit STARTUP_BIAS (1)(1 instance)

Class STARTUP_BIAS (0):  Merged 6 parallel devices.
Subcircuit summary:
Circuit 1: STARTUP_BIAS                    |Circuit 2: STARTUP_BIAS                    
-------------------------------------------|-------------------------------------------
pfet_03v3 (6->3)                           |pfet_03v3 (6->3)                           
nfet_03v3 (6->3)                           |nfet_03v3 (6->3)                           
Number of devices: 6                       |Number of devices: 6                       
Number of nets: 4                          |Number of nets: 4                          
---------------------------------------------------------------------------------------
Resolving symmetries by property value.
Resolving symmetries by pin name.
Netlists match uniquely.

Subcircuit pins:
Circuit 1: STARTUP_BIAS                    |Circuit 2: STARTUP_BIAS                    
-------------------------------------------|-------------------------------------------
VRECT                                      |VRECT                                      
VSS                                        |VSS                                        
VMID2                                      |VMID2                                      
VMID1                                      |VMID1                                      
---------------------------------------------------------------------------------------
Cell pin lists are equivalent.
Device classes STARTUP_BIAS and STARTUP_BIAS are equivalent.

Final result: Circuits match uniquely.
.

